// Jest Snapshot v1, https://goo.gl/fbAQLP

exports[`ScrollToTopComponent rendering should render a ScrollToTopComponent 1`] = `
<react-native-mock>
  <react-native-mock />
</react-native-mock>
`;
